===================================================
Persepolis Download Manager, 2026/05/17 01:35:11
2026-05-17 01:35:11,436 - initialization - INFO - chrome: Json file is created successfully.
persepolis executer file is created successfully.

2026-05-17 01:35:11,436 - initialization - INFO - 
2026-05-17 01:35:11,439 - initialization - INFO - chromium: Json file is created successfully.
persepolis executer file is created successfully.

2026-05-17 01:35:11,439 - initialization - INFO - 
2026-05-17 01:35:11,442 - initialization - INFO - opera: Json file is created successfully.
persepolis executer file is created successfully.

2026-05-17 01:35:11,442 - initialization - INFO - 
2026-05-17 01:35:11,445 - initialization - INFO - vivaldi: Json file is created successfully.
persepolis executer file is created successfully.

2026-05-17 01:35:11,445 - initialization - INFO - 
2026-05-17 01:35:11,448 - initialization - INFO - firefox: Json file is created successfully.
persepolis executer file is created successfully.

2026-05-17 01:35:11,448 - initialization - INFO - 
2026-05-17 01:35:11,451 - initialization - INFO - brave: Json file is created successfully.
persepolis executer file is created successfully.

2026-05-17 01:35:11,451 - initialization - INFO - 
2026-05-17 01:35:11,851 - initialization - INFO - yt-dlp version: 2026.03.17
2026-05-17 01:35:12,020 - initialization - INFO - Persepolis path is:
	/usr/bin/persepolis
2026-05-17 01:35:12,020 - initialization - INFO - Persepolis is run as installed python madule.
2026-05-17 01:35:12,146 - initialization - INFO - Persepolis will use ffmpeg that installed on user's system.
2026-05-17 01:35:12,146 - initialization - INFO - 
**********
ffmpeg version n8.1.1 Copyright (c) 2000-2026 the FFmpeg developers
built with gcc 16.1.1 (GCC) 20260430 configuration: --prefix=/usr
--disable-debug --disable-static --disable-stripping --enable-amf
--enable-avisynth --enable-cuda-llvm --enable-lto --enable-fontconfig
--enable-frei0r --enable-gmp --enable-gnutls --enable-gpl --enable-
ladspa --enable-lcms2 --enable-libaom --enable-libass --enable-
libbluray --enable-libbs2b --enable-libdav1d --enable-libdrm --enable-
libdvdnav --enable-libdvdread --enable-libfreetype --enable-libfribidi
--enable-libglslang --enable-libgsm --enable-libharfbuzz --enable-
libiec61883 --enable-libjack --enable-libjxl --enable-libmodplug
--enable-libmp3lame --enable-libopencore_amrnb --enable-
libopencore_amrwb --enable-libopenjpeg --enable-libopenmpt --enable-
libopus --enable-libplacebo --enable-libpulse --enable-librav1e
--enable-librsvg --enable-librubberband --enable-libsnappy --enable-
libsoxr --enable-libspeex --enable-libsrt --enable-libssh --enable-
libsvtav1 --enable-libtheora --enable-libv4l2 --enable-libvidstab
--enable-libvmaf --enable-libvorbis --enable-libvpl --enable-libvpx
--enable-libwebp --enable-libx264 --enable-libx265 --enable-libxcb
--enable-libxml2 --enable-libxvid --enable-libzimg --enable-libzmq
--enable-nvdec --enable-nvenc --enable-opencl --enable-opengl
--enable-shared --enable-vapoursynth --enable-version3 --enable-vulkan
libavutil      60. 26.101 / 60. 26.101 libavcodec     62. 28.101 / 62.
28.101 libavformat    62. 12.101 / 62. 12.101 libavdevice    62.
3.101 / 62.  3.101 libavfilter    11. 14.101 / 11. 14.101 libswscale
9.  5.101 /  9.  5.101 libswresample   6.  3.101 /  6.  3.101  Exiting
with exit code 0
**********

2026-05-17 01:35:12,146 - initialization - INFO - ffmpeg command is: ffmpeg
2026-05-17 01:35:12,149 - initialization - INFO - python version: 3.14.5 (main, May 10 2026, 18:26:20) [GCC 16.1.1 20260430]
2026-05-17 01:35:12,152 - initialization - INFO - QT version: 6.11.1
2026-05-17 01:35:12,152 - initialization - INFO - PySide version: 6.11.1
2026-05-17 01:35:12,152 - initialization - INFO - Operating system: Linux
2026-05-17 01:35:12,152 - initialization - INFO - Desktop env.: hyprland
2026-05-17 01:35:12,711 - initialization - INFO - Download complete! /home/kaushik/.local/share/persepolis_download_manager/sounds/fail.wav
2026-05-17 01:35:12,725 - initialization - INFO - Download complete! /home/kaushik/.local/share/persepolis_download_manager/sounds/queue.wav
2026-05-17 01:35:12,759 - initialization - INFO - Download complete! /home/kaushik/.local/share/persepolis_download_manager/sounds/warning.wav
2026-05-17 01:35:12,824 - initialization - INFO - Download complete! /home/kaushik/.local/share/persepolis_download_manager/sounds/ok.wav
